[dotenv@17.3.1] injecting env (7) from .env -- tip: ΓÜÖ∩╕Å  enable debug logging with { debug: true }
--- Starting Driver Flow Verification ---
Connected to the PostgreSQL database

0. Logging in...
   -> Logged in successfully. obtained token.

1. Creating 'Test Category'...
   -> Category Created: {
  id: 5,
  name: 'Test Category 1771406381510',
  default_weight: '50.00',
  is_active: true,
  created_at: '2026-02-18T09:19:41.512Z'
}

2. Creating Delivery Sheet...
   -> Sheet Created: {
  id: 33,
  truck_number: 'TEST-TRUCK',
  date: '2026-02-17T18:30:00.000Z',
  medium_rate: '0.00',
  super_small_rate: '0.00',
  status: 'draft',
  created_by: 7,
  created_at: '2026-02-18T09:19:41.518Z',
  driver_name: 'Akhtar'
}

3. Adding Item with Dynamic Quantities...
   -> Item Added: {
  id: 109,
  delivery_sheet_id: 33,
  customer_id: 55,
  quantities: [ { category_id: 5, bags: 10 } ]
}

4. Submitting Sheet...
node : !!! TEST FAILED !!! Error: 
API Error 500 
/delivery-sheets/33/submit: 
{"error":"Invalid category in 
bulk"}
At line:1 char:1
+ node 
scripts/test-driver-flow.js > 
test_output.txt 2>&1
+ ~~~~~~~~~~~~~~~~~~~~~~~~~~~~~~~~
~~~~~~~~~~~~~~~~~~~~~~~
    + CategoryInfo          : Not 
   Specified: (!!! TEST FAILED..  
  .egory in bulk"}:String) [],    
 RemoteException
    + FullyQualifiedErrorId : Nat 
   iveCommandError
 
    at request (C:\Bhandari Sugar\
backend\scripts\test-driver-flow.j
s:21:15)
    at 
process.processTicksAndRejections 
(node:internal/process/task_queues
:103:5)
    at async runTest (C:\Bhandari 
Sugar\backend\scripts\test-driver-
flow.js:85:9)

--- Cleanup ---
   -> Test Category Deleted
